// Jest Snapshot v1, https://goo.gl/fbAQLP

exports[`About rendered should render correctly in "debug" mode 1`] = `
<div
  className="about_parent"
>
  <div
    className="about_developers small"
  >
    About the Developers:
    <div
      className="about_people_container"
    >
      <div
        className="about_person"
      >
        <div
          className="about_profile_pic"
        >
           
          <img
            alt="Danielle Headshot"
            className="about_headshot"
            src="danielle-headshot.jpg"
          />
           
        </div>
        <div
          className="about_name"
        >
           
          <h4
            className="about_creator_name"
          >
            Danielle Lyn
          </h4>
        </div>
        <div
          className="about_description"
        >
          <p
            className="about_creator_details"
          >
            Danielle comes from Seattle and loves using React to solve problems.
          </p>
        </div>
        <div
          className="about_linkedin"
        >
          <Link
            replace={false}
            to="/Danielle"
          >
            Linkedin 
          </Link>
        </div>
        <div
          className="about_github"
        >
          <Link
            replace={false}
            to="/Danielle1"
          >
             Github
          </Link>
        </div>
      </div>
      <div
        className="about_person"
      >
        <div
          className="about_profile_pic"
        >
           
          <img
            alt="Andrew Headshot"
            className="about_headshot"
            src="andrew-headshot.png"
          />
        </div>
        <div
          className="about_name"
        >
           
          <h4
            className="about_creatorName"
          >
            Andrew Nam
          </h4>
           
        </div>
        <div
          className="about_description"
        >
          <p
            className="about_creator_details"
          >
            Andrew is from Dallas and enjoys working with Node.js!
          </p>
           
        </div>
        <div
          className="about_linkedin"
        >
          <Link
            replace={false}
            to="/Andrew"
          >
            Linkedin 
          </Link>
           
        </div>
        <div
          className="about_github"
        >
          <Link
            replace={false}
            to="/Andrew1"
          >
             Github
          </Link>
        </div>
      </div>
      <div
        className="about_person"
      >
        <div
          className="about_profile_pic"
        >
           
          <img
            alt="Zachary Headshot"
            className="about_headshot"
            src="zachary-headshot.png"
          />
           
        </div>
        <div
          className="about_name"
        >
           
          <h4
            className="about_creator_name"
          >
            Zachary Graham
          </h4>
           
        </div>
        <div
          className="about_description"
        >
           
          <p
            className="about_creator_details"
          >
            Zachary is from Phoenix and takes a keen interest in working with APIs.
          </p>
        </div>
        <div
          className="about_linkedin"
        >
          <Link
            replace={false}
            to="/Zak"
          >
            Linkedin 
          </Link>
        </div>
        <div
          className="about_github"
        >
          <Link
            replace={false}
            to="/Zak1"
          >
             Github
          </Link>
        </div>
      </div>
      <div
        className="about_github_bottom"
      />
    </div>
  </div>
  <div
    className="about_developers big"
  >
    <div
      className="about_title"
    >
      About the Developers:
    </div>
    <div
      className="about_people_container"
    >
      <div
        className="about_person"
      >
        <div
          className="about_profile_pic"
        >
           
          <img
            alt="Danielle Headshot"
            className="about_headshot"
            src="danielle-headshot.jpg"
          />
           
        </div>
        <div
          className="about_name"
        >
           
          <h4
            className="about_creator_name"
          >
            Danielle Lyn
          </h4>
        </div>
        <div
          className="about_description"
        >
          <p
            className="about_creator_details"
          >
            Danielle comes from Seattle and loves using React to solve problems.
          </p>
        </div>
        <div
          className="about_linkedin"
        >
          <Link
            replace={false}
            to="/Danielle"
          >
            Linkedin 
          </Link>
        </div>
        <div
          className="about_github"
        >
          <Link
            replace={false}
            to="/Danielle1"
          >
             Github
          </Link>
        </div>
      </div>
      <div
        className="about_person"
      >
        <div
          className="about_profile_pic"
        >
           
          <img
            alt="Andrew Headshot"
            className="about_headshot"
            src="andrew-headshot.png"
          />
        </div>
        <div
          className="About_name"
        >
           
          <h4
            className="About_creator_name"
          >
            Andrew Nam
          </h4>
           
        </div>
        <div
          className="about_description"
        >
          <p
            className="about_creator_details"
          >
            Andrew is from Dallas and enjoys working with Node.js!
          </p>
           
        </div>
        <div
          className="about_linkedin"
        >
          <Link
            replace={false}
            to="/Andrew"
          >
            Linkedin 
          </Link>
           
        </div>
        <div
          className="about_github"
        >
          <Link
            replace={false}
            to="/Andrew1"
          >
             Github
          </Link>
        </div>
      </div>
      <div
        className="about_person"
      >
        <div
          className="about_profile_pic"
        >
           
          <img
            alt="Zachary Headshot"
            className="about_headshot"
            src="zachary-headshot.png"
          />
           
        </div>
        <div
          className="about_name"
        >
           
          <h4
            className="about_creator_name"
          >
            Zachary Graham
          </h4>
           
        </div>
        <div
          className="about_linkedin"
        >
          <Link
            replace={false}
            to="/Zak"
          >
            Linkedin 
          </Link>
        </div>
        <div
          className="about_github"
        >
          <Link
            replace={false}
            to="/Zak1"
          >
             Github
          </Link>
        </div>
        <Grid />
      </div>
    </div>
  </div>
</div>
`;
